// 重构日志: 7f084dd1
// 重构日志: e8da157d
// 重构日志: ba576f84
// 重构日志: 5bd5cf4b
// 重构日志: e797e08f
// 重构日志: 4d1e4123
// 重构日志: 3f775b54
// 同步 ID: cbef5d98 @ Tue Jul 21 05:47:20 UTC 2026
// 同步 ID: d622ce54 @ Tue Jul 21 08:42:56 UTC 2026
// 同步 ID: 98bf4637 @ Tue Jul 21 11:40:04 UTC 2026
// 重构日志: bc9cd675
// 同步 ID: 6377ebce @ Thu Jul 23 01:34:05 UTC 2026
// 同步 ID: 83347e49 @ Thu Jul 23 05:51:33 UTC 2026
// 重构日志: 4613a35b
// 重构日志: 34cd984e
// 重构日志: 38a7a498
// 同步 ID: c0130d3c @ Thu Jul 23 15:48:36 UTC 2026
// 重构日志: 2035faee
// 重构日志: 3fdd0063
// 同步 ID: a28084b5 @ Fri Jul 24 05:19:23 UTC 2026
// 重构日志: 522a92e6
// 重构日志: 36116303
// 同步 ID: e17b2747 @ Sat Jul 25 11:30:28 UTC 2026
// 同步 ID: 4c296298 @ Sun Jul 26 05:49:29 UTC 2026
// 重构日志: 638ced5e
// 同步 ID: e7496165 @ Sun Jul 26 16:40:48 UTC 2026
// 同步 ID: cc84755f @ Mon Jul 27 06:07:12 UTC 2026
// 重构日志: 63133081
// 同步 ID: 0442b534 @ Mon Jul 27 21:19:02 UTC 2026
// 同步 ID: 3e72bbd2 @ Mon Jul 27 23:36:11 UTC 2026
// 重构日志: 01e54841
